[www.philipebarros.com/listavip.html]
[backblue.gif]
[fade.gif]
[index.html]
[static-public.klickpages.com.br/uploads/media/file/46194/favicon.png]
[static-public.klickpages.com.br/app/assets/stylesheets/publish20a3.css]
[apis.google.com/js/plus.js]
[apis.google.com/js/plusone.js]
[www.google-analytics.com/analytics.js]
[static-public.klickpages.com.br/app/assets/javascripts/public/js/include20a3.js]
[eduzz.com/dev/js/eac619.js]
[connect.facebook.net/pt_BR/sdk.js]
[static-public.klickpages.com.br/tmp/zip/651/styles/main.css]
[static-public.klickpages.com.br/uploads/media/file/172292/bg-editado.jpg]
[static-public.klickpages.com.br/tmp/zip/652/styles/main.css]
[static-public.klickpages.com.br/tmp/zip/105/styles/main.css]
[static-public.klickpages.com.br/app/assets/javascripts/public/js/body/end20a3.js]
[www.philipebarros.com/listavip.html]
[static-public.klickpages.com.br/app/assets/stylesheets/publish20a3.css]
[static-public.klickpages.com.br/app/assets/javascripts/libs/libs20a3.js]
[fonts.googleapis.com/csse5a6.css]
[www.philipebarros.com/restserver.11.delayed]
[www.philipebarros.com/ABCDEFGHIJKLMNOPQRSTUVWXYZabcdefghijklmnopqrstuvwxyz0123456789+/index.html]
[connect.facebook.net/pt_BR/sdk.js]
[static-public.klickpages.com.br/app/assets/javascripts/public/js/body/begin20a3.js]
[static-public.klickpages.com.br/tmp/zip/651/styles/main.css]
[static-public.klickpages.com.br/tmp/zip/652/styles/main.css]
[klickart-prod.s3.amazonaws.com/tmp/zip/105/images/lock.png]
[www.philipebarros.com/^([^_/indexd41d.html]
[klickart-prod.s3.amazonaws.com/tmp/zip/105/images/close.png]
[static-public.klickpages.com.br/tmp/zip/105/styles/main.css]
[www.philipebarros.com/ABCDEFGHIJKLMNOPQRSTUVWXYZabcdefghijklmnopqrstuvwxyz0123456789+/index.html]
[www.philipebarros.com/index.html]
[www.philipebarros.com/^([^_/indexd41d.html]
[www.philipebarros.com/restserver.html]
